warning: unreachable expression
  --> $DIR/protect-precedences.rs:13:12
   |
LL |         if let _ = return true && false {};
   |            ^^^^^^^^--------------------
   |            |       |
   |            |       any code following this expression is unreachable
   |            unreachable expression
   |
   = note: `#[warn(unreachable_code)]` on by default

warning: 1 warning emitted

