warning: irrefutable `let` pattern
  --> $DIR/if-let.rs:13:10
   |
LL |     foo!(a, 1, {
   |          ^
   |
   = note: `#[warn(irrefutable_let_patterns)]` on by default
   = note: this warning originates in a macro (in Nightly builds, run with -Z macro-backtrace for more info)

warning: irrefutable `let` pattern
  --> $DIR/if-let.rs:17:10
   |
LL |               if let $p = $e $b
   |               ^^^^^^^^^^^^^^^^^
...
LL | /     bar!(a, 1, {
LL | |         println!("irrefutable pattern");
LL | |     });
   | |_______- in this macro invocation
   |
   = note: this warning originates in a macro (in Nightly builds, run with -Z macro-backtrace for more info)

warning: irrefutable `let` pattern
  --> $DIR/if-let.rs:24:12
   |
LL |     if let a = 1 {
   |            ^

warning: irrefutable `let` pattern
  --> $DIR/if-let.rs:29:12
   |
LL |     if let a = 1 {
   |            ^

warning: irrefutable `let` pattern
  --> $DIR/if-let.rs:40:19
   |
LL |     } else if let a = 1 {
   |                   ^

warning: irrefutable `let` pattern
  --> $DIR/if-let.rs:47:19
   |
LL |     } else if let a = 1 {
   |                   ^

warning: 6 warnings emitted

